BL51 BANKED LINKER/LOCATER V6.22                                                        09/12/2021  23:19:48  PAGE 1


BL51 BANKED LINKER/LOCATER V6.22, INVOKED BY:
D:\8051\C51\BIN\BL51.EXE STARTUP.obj, main.obj TO test RAMSIZE (256)


MEMORY MODEL: SMALL


INPUT MODULES INCLUDED:
  STARTUP.obj (?C_STARTUP)
  main.obj (MAIN)


LINK MAP OF MODULE:  test (?C_STARTUP)


            TYPE    BASE      LENGTH    RELOCATION   SEGMENT NAME
            -----------------------------------------------------

            * * * * * * *   D A T A   M E M O R Y   * * * * * * *
            REG     0000H     0008H     ABSOLUTE     "REG BANK 0"
            DATA    0008H     0004H     UNIT         ?DT?MAIN
            DATA    000CH     0002H     UNIT         _DATA_GROUP_
                    000EH     0012H                  *** GAP ***
            BIT     0020H.0   0000H.3   UNIT         ?BI?MAIN
                    0020H.3   0000H.5                *** GAP ***
            IDATA   0021H     0001H     UNIT         ?STACK

            * * * * * * *   C O D E   M E M O R Y   * * * * * * *
            CODE    0000H     0003H     ABSOLUTE     
            CODE    0003H     0063H     UNIT         ?PR?_IR_OUT?MAIN
            CODE    0066H     0056H     UNIT         ?PR?MAIN?MAIN
            CODE    00BCH     0050H     UNIT         ?PR?_IR_OUT_FRAME?MAIN
            CODE    010CH     0032H     UNIT         ?PR?QBL_OUT?MAIN
            CODE    013EH     0030H     UNIT         ?PR?QBL_ST?MAIN
            CODE    016EH     0018H     UNIT         ?PR?DELAY7US?MAIN
            CODE    0186H     0015H     UNIT         ?PR?_DELAY?MAIN
            CODE    019BH     0011H     UNIT         ?PR?KEYSCAN?MAIN
            CODE    01ACH     000CH     UNIT         ?C_C51STARTUP
            CODE    01B8H     0009H     UNIT         ?PR?IR_INIT?MAIN
            CODE    01C1H     0009H     UNIT         ?PR?DELAY19US?MAIN
            CODE    01CAH     0009H     UNIT         ?PR?DELAY100US?MAIN



OVERLAY MAP OF MODULE:   test (?C_STARTUP)


SEGMENT                          DATA_GROUP 
  +--> CALLED SEGMENT          START    LENGTH
----------------------------------------------
?C_C51STARTUP                  -----    -----
  +--> ?PR?MAIN?MAIN

?PR?MAIN?MAIN                  -----    -----
  +--> ?PR?IR_INIT?MAIN
  +--> ?PR?KEYSCAN?MAIN
  +--> ?PR?_DELAY?MAIN
  +--> ?PR?QBL_OUT?MAIN
BL51 BANKED LINKER/LOCATER V6.22                                                      09/12/2021  23:19:48  PAGE 2


  +--> ?PR?QBL_ST?MAIN

?PR?QBL_OUT?MAIN               -----    -----
  +--> ?PR?_IR_OUT?MAIN

?PR?_IR_OUT?MAIN               000CH    0002H
  +--> ?PR?DELAY7US?MAIN
  +--> ?PR?DELAY100US?MAIN
  +--> ?PR?_IR_OUT_FRAME?MAIN

?PR?DELAY7US?MAIN              -----    -----
  +--> ?PR?DELAY19US?MAIN

?PR?_IR_OUT_FRAME?MAIN         -----    -----
  +--> ?PR?DELAY7US?MAIN
  +--> ?PR?DELAY100US?MAIN

?PR?QBL_ST?MAIN                -----    -----
  +--> ?PR?_DELAY?MAIN



SYMBOL TABLE OF MODULE:  test (?C_STARTUP)

  VALUE           TYPE          NAME
  ----------------------------------

  -------         MODULE        ?C_STARTUP
  C:01ACH         SEGMENT       ?C_C51STARTUP
  I:0021H         SEGMENT       ?STACK
  C:0000H         PUBLIC        ?C_STARTUP
  D:00E0H         SYMBOL        ACC
  D:00F0H         SYMBOL        B
  D:0083H         SYMBOL        DPH
  D:0082H         SYMBOL        DPL
  N:0000H         SYMBOL        IBPSTACK
  N:0100H         SYMBOL        IBPSTACKTOP
  N:0080H         SYMBOL        IDATALEN
  C:01AFH         SYMBOL        IDATALOOP
  N:0000H         SYMBOL        PBPSTACK
  N:0100H         SYMBOL        PBPSTACKTOP
  N:0000H         SYMBOL        PDATALEN
  N:0000H         SYMBOL        PDATASTART
  N:0000H         SYMBOL        PPAGE
  N:0000H         SYMBOL        PPAGEENABLE
  D:00A0H         SYMBOL        PPAGE_SFR
  D:0081H         SYMBOL        SP
  C:01ACH         SYMBOL        STARTUP1
  N:0000H         SYMBOL        XBPSTACK
  N:0000H         SYMBOL        XBPSTACKTOP
  N:0000H         SYMBOL        XDATALEN
  N:0000H         SYMBOL        XDATASTART
  C:0000H         LINE#         126
  C:01ACH         LINE#         133
  C:01AEH         LINE#         134
  C:01AFH         LINE#         135
  C:01B0H         LINE#         136
BL51 BANKED LINKER/LOCATER V6.22                                                      09/12/2021  23:19:48  PAGE 3


  C:01B2H         LINE#         185
  C:01B5H         LINE#         196
  -------         ENDMOD        ?C_STARTUP

  -------         MODULE        MAIN
  C:0000H         SYMBOL        _ICE_DUMMY_
  D:0090H         PUBLIC        P1
  D:00A0H         PUBLIC        P2
  D:00B0H         PUBLIC        P3
  B:00A8H.7       PUBLIC        EA
  D:00A8H         PUBLIC        IE
  C:0186H         PUBLIC        _delay
  C:0175H         PUBLIC        Delay7us
  B:0090H.0       PUBLIC        IROUT
  D:00B8H         PUBLIC        IP
  B:00A0H.0       PUBLIC        k1
  B:00A0H.1       PUBLIC        k2
  C:00BCH         PUBLIC        _Ir_Out_Frame
  C:0066H         PUBLIC        main
  D:0008H         PUBLIC        irkey
  C:01B8H         PUBLIC        Ir_Init
  D:0098H         PUBLIC        SCON
  D:0088H         PUBLIC        TCON
  C:010CH         PUBLIC        QBL_OUT
  C:01C1H         PUBLIC        Delay19us
  B:00A8H.0       PUBLIC        EX0
  B:0088H.0       PUBLIC        IT0
  B:0020H.0       PUBLIC        wds
  C:0003H         PUBLIC        _Ir_Out
  B:0090H.1       PUBLIC        wd
  B:0090H.2       PUBLIC        kq
  D:0009H         PUBLIC        zd
  C:013EH         PUBLIC        QBL_ST
  B:0020H.1       PUBLIC        keyflag
  B:0090H.3       PUBLIC        st
  D:00C8H         PUBLIC        T2CON
  C:01CAH         PUBLIC        Delay100us
  C:019BH         PUBLIC        keyscan
  B:0020H.2       PUBLIC        irflag
  D:000BH         PUBLIC        ircode
  D:00D0H         PUBLIC        PSW
  -------         PROC          MAIN
  C:0066H         LINE#         34
  C:0066H         LINE#         35
  C:0066H         LINE#         36
  C:0068H         LINE#         37
  C:006AH         LINE#         38
  C:006FH         LINE#         39
  C:0072H         LINE#         40
  C:0074H         LINE#         41
  C:0074H         LINE#         42
  C:0074H         LINE#         43
  C:0077H         LINE#         44
  C:007AH         LINE#         45
  C:007AH         LINE#         46
  C:007FH         LINE#         47
  C:007FH         LINE#         48
BL51 BANKED LINKER/LOCATER V6.22                                                      09/12/2021  23:19:48  PAGE 4


  C:0086H         LINE#         49
  C:0089H         LINE#         50
  C:0090H         LINE#         51
  C:0092H         LINE#         52
  C:0094H         LINE#         53
  C:009BH         LINE#         54
  C:009BH         LINE#         55
  C:00A0H         LINE#         56
  C:00A0H         LINE#         57
  C:00A7H         LINE#         58
  C:00AAH         LINE#         59
  C:00B1H         LINE#         60
  C:00B3H         LINE#         61
  C:00BAH         LINE#         62
  C:00BAH         LINE#         65
  C:00BAH         LINE#         66
  -------         ENDPROC       MAIN
  -------         PROC          QBL_OUT
  C:010CH         LINE#         69
  C:010CH         LINE#         70
  C:010CH         LINE#         71
  C:010FH         LINE#         72
  C:010FH         LINE#         73
  C:011AH         LINE#         74
  C:011AH         LINE#         75
  C:0121H         LINE#         76
  C:0123H         LINE#         77
  C:0125H         LINE#         78
  C:012DH         LINE#         79
  C:012EH         LINE#         81
  C:012EH         LINE#         82
  C:0130H         LINE#         83
  C:0135H         LINE#         84
  C:0135H         LINE#         85
  C:0136H         LINE#         87
  C:0136H         LINE#         88
  C:013BH         LINE#         89
  C:013DH         LINE#         90
  C:013DH         LINE#         91
  -------         ENDPROC       QBL_OUT
  -------         PROC          QBL_ST
  C:013EH         LINE#         94
  C:013EH         LINE#         95
  C:013EH         LINE#         96
  C:0155H         LINE#         97
  C:0155H         LINE#         98
  C:0157H         LINE#         99
  C:015EH         LINE#         100
  C:0164H         LINE#         101
  C:0166H         LINE#         102
  C:0168H         LINE#         103
  C:016AH         LINE#         104
  C:016BH         LINE#         106
  C:016BH         LINE#         107
  C:016DH         LINE#         108
  C:016DH         LINE#         109
  -------         ENDPROC       QBL_ST
BL51 BANKED LINKER/LOCATER V6.22                                                      09/12/2021  23:19:48  PAGE 5


  -------         PROC          _DELAY
  D:0006H         SYMBOL        a
  -------         DO            
  D:0005H         SYMBOL        i
  -------         ENDDO         
  C:0186H         LINE#         112
  C:0186H         LINE#         113
  C:0186H         LINE#         115
  C:018FH         LINE#         116
  C:019AH         LINE#         117
  -------         ENDPROC       _DELAY
  -------         PROC          KEYSCAN
  C:019BH         LINE#         119
  C:019BH         LINE#         120
  C:019BH         LINE#         121
  C:019EH         LINE#         122
  C:019EH         LINE#         123
  C:01A0H         LINE#         124
  C:01A3H         LINE#         125
  C:01A3H         LINE#         127
  C:01A6H         LINE#         128
  C:01A6H         LINE#         129
  C:01A8H         LINE#         130
  C:01ABH         LINE#         131
  C:01ABH         LINE#         132
  -------         ENDPROC       KEYSCAN
  -------         PROC          IR_INIT
  C:01B8H         LINE#         134
  C:01B8H         LINE#         135
  C:01B8H         LINE#         136
  C:01BAH         LINE#         137
  C:01BCH         LINE#         138
  C:01BEH         LINE#         139
  C:01C0H         LINE#         140
  -------         ENDPROC       IR_INIT
  C:016EH         SYMBOL        L?0092
  -------         PROC          L?0091
  -------         ENDPROC       L?0091
  C:016EH         SYMBOL        L?0092
  -------         PROC          DELAY7US
  -------         DO            
  D:0004H         SYMBOL        a
  D:0005H         SYMBOL        b
  D:0006H         SYMBOL        c
  D:0007H         SYMBOL        d
  -------         ENDDO         
  C:0175H         LINE#         143
  C:0175H         LINE#         144
  C:0175H         LINE#         146
  C:0177H         LINE#         147
  C:0179H         LINE#         148
  C:017BH         LINE#         149
  C:0185H         LINE#         150
  -------         ENDPROC       DELAY7US
  -------         PROC          DELAY19US
  -------         DO            
  D:0006H         SYMBOL        a
BL51 BANKED LINKER/LOCATER V6.22                                                      09/12/2021  23:19:48  PAGE 6


  D:0007H         SYMBOL        b
  -------         ENDDO         
  C:01C1H         LINE#         152
  C:01C1H         LINE#         153
  C:01C1H         LINE#         155
  C:01C3H         LINE#         156
  C:01C9H         LINE#         157
  -------         ENDPROC       DELAY19US
  -------         PROC          DELAY100US
  -------         DO            
  D:0006H         SYMBOL        a
  D:0007H         SYMBOL        b
  -------         ENDDO         
  C:01CAH         LINE#         159
  C:01CAH         LINE#         160
  C:01CAH         LINE#         162
  C:01CCH         LINE#         163
  C:01D2H         LINE#         164
  -------         ENDPROC       DELAY100US
  -------         PROC          _IR_OUT
  D:000CH         SYMBOL        u
  D:000DH         SYMBOL        x
  -------         DO            
  D:0002H         SYMBOL        tt
  -------         ENDDO         
  C:0003H         LINE#         167
  C:0007H         LINE#         168
  C:0007H         LINE#         170
  C:0009H         LINE#         173
  C:000DH         LINE#         175
  C:000DH         LINE#         176
  C:000DH         LINE#         177
  C:000DH         LINE#         178
  C:000DH         LINE#         179
  C:0010H         LINE#         180
  C:0010H         LINE#         181
  C:0019H         LINE#         182
  C:001CH         LINE#         184
  C:001CH         LINE#         185
  C:001EH         LINE#         186
  C:0021H         LINE#         187
  C:0021H         LINE#         188
  C:002AH         LINE#         190
  C:002FH         LINE#         191
  C:0036H         LINE#         193
  C:003BH         LINE#         194
  C:0042H         LINE#         196
  C:0046H         LINE#         198
  C:0046H         LINE#         199
  C:0046H         LINE#         200
  C:0046H         LINE#         201
  C:0046H         LINE#         202
  C:0049H         LINE#         203
  C:0049H         LINE#         204
  C:0052H         LINE#         205
  C:0055H         LINE#         207
  C:0055H         LINE#         208
BL51 BANKED LINKER/LOCATER V6.22                                                      09/12/2021  23:19:48  PAGE 7


  C:0057H         LINE#         209
  C:005AH         LINE#         210
  C:005AH         LINE#         211
  C:0063H         LINE#         212
  C:0065H         LINE#         214
  -------         ENDPROC       _IR_OUT
  -------         PROC          _IR_OUT_FRAME
  D:0003H         SYMBOL        y
  -------         DO            
  D:0002H         SYMBOL        num
  D:0082H         SYMBOL        tt
  -------         ENDDO         
  C:00BCH         LINE#         216
  C:00BEH         LINE#         217
  C:00BEH         LINE#         220
  C:00C0H         LINE#         221
  C:00C0H         LINE#         222
  C:00C3H         LINE#         224
  C:00C3H         LINE#         225
  C:00C3H         LINE#         226
  C:00C3H         LINE#         227
  C:00C3H         LINE#         228
  C:00C6H         LINE#         229
  C:00C6H         LINE#         230
  C:00D3H         LINE#         231
  C:00D7H         LINE#         232
  C:00D7H         LINE#         233
  C:00DAH         LINE#         235
  C:00DAH         LINE#         236
  C:00DCH         LINE#         237
  C:00DFH         LINE#         238
  C:00DFH         LINE#         239
  C:00ECH         LINE#         240
  C:00EEH         LINE#         242
  C:00EEH         LINE#         243
  C:00F1H         LINE#         245
  C:00F1H         LINE#         246
  C:00F3H         LINE#         247
  C:00F6H         LINE#         248
  C:00F6H         LINE#         249
  C:0103H         LINE#         250
  C:0103H         LINE#         251
  C:0107H         LINE#         252
  C:010BH         LINE#         253
  -------         ENDPROC       _IR_OUT_FRAME
  -------         ENDMOD        MAIN

Program Size: data=15.3 xdata=0 code=467
LINK/LOCATE RUN COMPLETE.  0 WARNING(S),  0 ERROR(S)
