BL51 BANKED LINKER/LOCATER V6.22                                                        08/26/2021  18:43:00  PAGE 1


BL51 BANKED LINKER/LOCATER V6.22, INVOKED BY:
D:\8051\C51\BIN\BL51.EXE STARTUP.obj, main.obj TO TEST-F RAMSIZE (256)


MEMORY MODEL: SMALL


INPUT MODULES INCLUDED:
  STARTUP.obj (?C_STARTUP)
  main.obj (MAIN)
  D:\8051\C51\LIB\C51S.LIB (?C_INIT)


LINK MAP OF MODULE:  TEST-F (?C_STARTUP)


            TYPE    BASE      LENGTH    RELOCATION   SEGMENT NAME
            -----------------------------------------------------

            * * * * * * *   D A T A   M E M O R Y   * * * * * * *
            REG     0000H     0008H     ABSOLUTE     "REG BANK 0"
            DATA    0008H     0011H     UNIT         ?DT?MAIN
                    0019H     0007H                  *** GAP ***
            BIT     0020H.0   0000H.1   UNIT         ?BI?MAIN
                    0020H.1   0000H.7                *** GAP ***
            IDATA   0021H     0001H     UNIT         ?STACK

            * * * * * * *   C O D E   M E M O R Y   * * * * * * *
            CODE    0000H     0003H     ABSOLUTE     
            CODE    0003H     0003H     ABSOLUTE     
            CODE    0006H     0148H     UNIT         ?PR?READIR?MAIN
            CODE    014EH     008CH     UNIT         ?C_C51STARTUP
            CODE    01DAH     0014H     UNIT         ?PR?MAIN?MAIN
            CODE    01EEH     0011H     UNIT         ?PR?DELAY7US?MAIN
            CODE    01FFH     000BH     UNIT         ?PR?IR_INIT?MAIN
            CODE    020AH     0009H     UNIT         ?PR?DELAY19US?MAIN
            CODE    0213H     0009H     UNIT         ?PR?DELAY100US?MAIN
            CODE    021CH     0004H     UNIT         ?PR?FENGMING?MAIN
            CODE    0220H     0003H     UNIT         ?C_INITSEG



OVERLAY MAP OF MODULE:   TEST-F (?C_STARTUP)


SEGMENT
  +--> CALLED SEGMENT
---------------------
?C_C51STARTUP
  +--> ?PR?MAIN?MAIN
  +--> ?C_INITSEG

?PR?MAIN?MAIN
  +--> ?PR?IR_INIT?MAIN
  +--> ?PR?FENGMING?MAIN

*** NEW ROOT ***************************************************

BL51 BANKED LINKER/LOCATER V6.22                                                      08/26/2021  18:43:00  PAGE 2


?PR?READIR?MAIN
  +--> ?PR?DELAY100US?MAIN



SYMBOL TABLE OF MODULE:  TEST-F (?C_STARTUP)

  VALUE           TYPE          NAME
  ----------------------------------

  -------         MODULE        ?C_STARTUP
  C:014EH         SEGMENT       ?C_C51STARTUP
  I:0021H         SEGMENT       ?STACK
  C:0000H         PUBLIC        ?C_STARTUP
  D:00E0H         SYMBOL        ACC
  D:00F0H         SYMBOL        B
  D:0083H         SYMBOL        DPH
  D:0082H         SYMBOL        DPL
  N:0000H         SYMBOL        IBPSTACK
  N:0100H         SYMBOL        IBPSTACKTOP
  N:0080H         SYMBOL        IDATALEN
  C:0151H         SYMBOL        IDATALOOP
  N:0000H         SYMBOL        PBPSTACK
  N:0100H         SYMBOL        PBPSTACKTOP
  N:0000H         SYMBOL        PDATALEN
  N:0000H         SYMBOL        PDATASTART
  N:0000H         SYMBOL        PPAGE
  N:0000H         SYMBOL        PPAGEENABLE
  D:00A0H         SYMBOL        PPAGE_SFR
  D:0081H         SYMBOL        SP
  C:014EH         SYMBOL        STARTUP1
  N:0000H         SYMBOL        XBPSTACK
  N:0000H         SYMBOL        XBPSTACKTOP
  N:0000H         SYMBOL        XDATALEN
  N:0000H         SYMBOL        XDATASTART
  C:0000H         LINE#         126
  C:014EH         LINE#         133
  C:0150H         LINE#         134
  C:0151H         LINE#         135
  C:0152H         LINE#         136
  C:0154H         LINE#         185
  C:0157H         LINE#         196
  -------         ENDMOD        ?C_STARTUP

  -------         MODULE        MAIN
  C:0000H         SYMBOL        _ICE_DUMMY_
  D:0090H         PUBLIC        P1
  D:00B0H         PUBLIC        P3
  B:00A8H.7       PUBLIC        EA
  D:00A8H         PUBLIC        IE
  D:0008H         PUBLIC        Time
  C:01EEH         PUBLIC        Delay7us
  B:00B0H.2       PUBLIC        IR_IN
  D:00B8H         PUBLIC        IP
  C:01DAH         PUBLIC        main
  C:01FFH         PUBLIC        Ir_Init
  D:0098H         PUBLIC        SCON
BL51 BANKED LINKER/LOCATER V6.22                                                      08/26/2021  18:43:00  PAGE 3


  D:0088H         PUBLIC        TCON
  B:0020H.0       PUBLIC        flag_Ir
  C:0006H         PUBLIC        ReadIr
  C:020AH         PUBLIC        Delay19us
  D:0009H         PUBLIC        err
  B:00A8H.0       PUBLIC        EX0
  B:0088H.0       PUBLIC        IT0
  C:021CH         PUBLIC        fengming
  D:000BH         PUBLIC        sb
  D:000DH         PUBLIC        sm
  D:00C8H         PUBLIC        T2CON
  D:000FH         PUBLIC        tt
  D:0011H         PUBLIC        j
  D:0012H         PUBLIC        k
  C:0213H         PUBLIC        Delay100us
  B:0090H.1       PUBLIC        SB_OUT
  D:0013H         PUBLIC        q
  D:0015H         PUBLIC        ircode
  D:00D0H         PUBLIC        PSW
  -------         PROC          MAIN
  C:01DAH         LINE#         28
  C:01DAH         LINE#         29
  C:01DAH         LINE#         30
  C:01DFH         LINE#         31
  C:01E1H         LINE#         32
  C:01E4H         LINE#         33
  C:01E4H         LINE#         34
  C:01E4H         LINE#         35
  C:01E7H         LINE#         36
  C:01E7H         LINE#         37
  C:01E9H         LINE#         38
  C:01ECH         LINE#         39
  C:01ECH         LINE#         40
  -------         ENDPROC       MAIN
  -------         PROC          IR_INIT
  C:01FFH         LINE#         60
  C:01FFH         LINE#         61
  C:01FFH         LINE#         62
  C:0201H         LINE#         63
  C:0203H         LINE#         64
  C:0205H         LINE#         65
  C:0207H         LINE#         66
  C:0209H         LINE#         67
  -------         ENDPROC       IR_INIT
  -------         PROC          READIR
  C:0006H         LINE#         70
  C:0023H         LINE#         73
  C:0025H         LINE#         74
  C:0028H         LINE#         75
  C:002EH         LINE#         77
  C:002EH         LINE#         78
  C:0031H         LINE#         79
  C:0031H         LINE#         80
  C:003EH         LINE#         81
  C:0044H         LINE#         82
  C:0044H         LINE#         83
  C:004AH         LINE#         84
BL51 BANKED LINKER/LOCATER V6.22                                                      08/26/2021  18:43:00  PAGE 4


  C:0058H         LINE#         85
  C:0058H         LINE#         86
  C:005BH         LINE#         87
  C:0063H         LINE#         88
  C:0065H         LINE#         89
  C:006BH         LINE#         90
  C:006BH         LINE#         91
  C:0071H         LINE#         92
  C:007FH         LINE#         93
  C:007FH         LINE#         94
  C:0082H         LINE#         95
  C:008AH         LINE#         96
  C:008CH         LINE#         97
  C:008FH         LINE#         98
  C:008FH         LINE#         99
  C:0092H         LINE#         100
  C:0092H         LINE#         101
  C:0098H         LINE#         102
  C:00A6H         LINE#         103
  C:00A6H         LINE#         104
  C:00A9H         LINE#         105
  C:00B1H         LINE#         106
  C:00B3H         LINE#         107
  C:00B9H         LINE#         108
  C:00C7H         LINE#         109
  C:00C7H         LINE#         110
  C:00CAH         LINE#         111
  C:00CCH         LINE#         112
  C:00D4H         LINE#         113
  C:00DBH         LINE#         114
  C:00DBH         LINE#         115
  C:00DFH         LINE#         117
  C:00DFH         LINE#         118
  C:00DFH         LINE#         119
  C:00ECH         LINE#         120
  C:00F3H         LINE#         121
  C:00FCH         LINE#         122
  C:00FFH         LINE#         123
  C:0108H         LINE#         124
  C:0114H         LINE#         125
  C:0114H         LINE#         126
  C:011BH         LINE#         127
  C:011BH         LINE#         128
  C:0122H         LINE#         129
  C:0122H         LINE#         130
  C:0127H         LINE#         131
  C:0127H         LINE#         132
  C:0129H         LINE#         133
  C:012BH         LINE#         135
  C:012BH         LINE#         136
  C:012DH         LINE#         137
  C:012DH         LINE#         138
  C:012FH         LINE#         140
  C:012FH         LINE#         141
  C:0131H         LINE#         142
  C:0131H         LINE#         144
  C:0131H         LINE#         145
BL51 BANKED LINKER/LOCATER V6.22                                                      08/26/2021  18:43:00  PAGE 5


  C:0131H         LINE#         146
  C:0133H         LINE#         147
  -------         ENDPROC       READIR
  -------         PROC          DELAY7US
  -------         DO            
  D:0004H         SYMBOL        a
  D:0005H         SYMBOL        b
  D:0006H         SYMBOL        c
  D:0007H         SYMBOL        d
  -------         ENDDO         
  C:01EEH         LINE#         150
  C:01EEH         LINE#         151
  C:01EEH         LINE#         153
  C:01F0H         LINE#         154
  C:01F2H         LINE#         155
  C:01F4H         LINE#         156
  C:01FEH         LINE#         157
  -------         ENDPROC       DELAY7US
  -------         PROC          DELAY19US
  -------         DO            
  D:0006H         SYMBOL        a
  D:0007H         SYMBOL        b
  -------         ENDDO         
  C:020AH         LINE#         162
  C:020AH         LINE#         163
  C:020AH         LINE#         165
  C:020CH         LINE#         166
  C:0212H         LINE#         167
  -------         ENDPROC       DELAY19US
  -------         PROC          DELAY100US
  -------         DO            
  D:0006H         SYMBOL        a
  D:0007H         SYMBOL        b
  -------         ENDDO         
  C:0213H         LINE#         171
  C:0213H         LINE#         172
  C:0213H         LINE#         174
  C:0215H         LINE#         175
  C:021BH         LINE#         176
  -------         ENDPROC       DELAY100US
  -------         PROC          FENGMING
  C:021CH         LINE#         179
  C:021CH         LINE#         180
  C:021CH         LINE#         181
  C:021CH         LINE#         182
  C:021CH         LINE#         183
  C:021EH         LINE#         184
  -------         ENDPROC       FENGMING
  -------         ENDMOD        MAIN

*** WARNING L16: UNCALLED SEGMENT, IGNORED FOR OVERLAY PROCESS
    SEGMENT: ?PR?DELAY7US?MAIN

*** WARNING L16: UNCALLED SEGMENT, IGNORED FOR OVERLAY PROCESS
    SEGMENT: ?PR?DELAY19US?MAIN

Program Size: data=26.1 xdata=0 code=547
BL51 BANKED LINKER/LOCATER V6.22                                                      08/26/2021  18:43:00  PAGE 6


LINK/LOCATE RUN COMPLETE.  2 WARNING(S),  0 ERROR(S)
