C51 COMPILER V9.01   MAIN                                                                  09/12/2021 23:19:48 PAGE 1   


C51 COMPILER V9.01, COMPILATION OF MODULE MAIN
OBJECT MODULE PLACED IN main.OBJ
COMPILER INVOKED BY: D:\8051\C51\BIN\C51.EXE main.c BROWSE DEBUG OBJECTEXTEND

line level    source

   1          /*
   2          ===================
   3          
   4          ===================
   5          */
   6          #include        "intrins.h"
   7          #include    "reg52.h"
   8          
   9          sbit IROUT=P1^0;                                    //红外发射端口
  10          sbit k1=P2^0;                                           //1键
  11          sbit k2=P2^1;                                           //2键
  12          sbit wd=P1^1;                                                                           //无弹药信号
  13          sbit kq=P1^2;                                       //开枪音效触发
  14          sbit st=P1^3;                                                                   //上膛音效触发
  15          
  16          bit wds;                                                                                        //无弹药标志位
  17          bit irflag,keyflag;                                                                     //红外发送标志位,按键标志位                                                     
  18          unsigned char irkey,ircode;                         //发送的红外数据
  19          unsigned short int zd;                                                          //弹夹（10发） 
  20          
  21          void Ir_Init(void);                                 //红外初始化（外部中断0和发送接收端口初始化）
  22          void Ir_Out(unsigned char u, unsigned char x);      //发送数据，两个参数分别为用户码和键值
  23          void Ir_Out_Frame(unsigned char y);                 //发送一帧数据，由 Ir_Out() 函数调用
  24          void Delay7us();                                    //7us延时 @24.000MHz_STC-Y5
  25          void Delay19us();                                   //19us延时@24.000MHz_STC-Y5
  26          void Delay100us();                                  //100us延时@24.000MHz_STC-Y5
  27          void keyscan();
  28          void delay(unsigned int a);
  29          void QBL_OUT();                                                                         //镭射触发
  30          void QBL_ST();                                                                          //上膛触发
  31          
  32          /*主函数*/
  33          
  34          void main() 
  35                  { 
  36   1                      wds=1;
  37   1                      wd=1;
  38   1                      zd=0;                                                                              //初始化弹夹
  39   1                      Ir_Init();                                     //红外初始化
  40   1                      irflag=0;                                      //红外发射标志先置0
  41   1                      while(1) 
  42   1                              { 
  43   2                                      keyscan();                             //键值扫描 
  44   2                                      if(keyflag)                            //若有按键按下
  45   2                                              { 
  46   3                                                      if(irkey==0x01)
  47   3                                                              {
  48   4                                                                      delay(10); 
  49   4                                                                      QBL_OUT(); 
  50   4                                                                      delay(500); 
  51   4                                                                      keyflag=0;            //按键标志清零
  52   4                                                                      kq=1; 
  53   4                                                                      delay(100);
  54   4                                                              }
  55   3                                                      if(irkey==0x02)
C51 COMPILER V9.01   MAIN                                                                  09/12/2021 23:19:48 PAGE 2   

  56   3                                                              {
  57   4                                                                      delay(10);
  58   4                                                                      QBL_ST();
  59   4                                                                      delay(500); 
  60   4                                                                      keyflag=0;           //按键标志清零 
  61   4                                                                      delay(100);
  62   4                                                              }
  63   3                                                      
  64   3                                                      
  65   3                                              } 
  66   2                              } 
  67   1              }
  68          /*发射程序*/
  69          void QBL_OUT()
  70                  {
  71   1                      if(wds==0)
  72   1                      {
  73   2                              if(zd>0)
  74   2                              {               
  75   3                                      Ir_Out(0x0A,0x0A);    //红外发送,参数为用户码、键值
  76   3                                      wd=0;
  77   3                                  kq=0;
  78   3                                      zd--;
  79   3                              }
  80   2                              else 
  81   2                              {
  82   3                                      wds=1;
  83   3                                      zd=0;
  84   3                              }
  85   2                      }
  86   1                      else 
  87   1                              {
  88   2                                      zd=0;
  89   2                                      wd=1;
  90   2                              }       
  91   1              }       
  92                   
  93          /*上膛程序*/
  94          void QBL_ST()
  95                  {
  96   1                      if(0<=zd<10)
  97   1                              {
  98   2                                      st=0;
  99   2                                      delay(20000);
 100   2                                      zd=10;
 101   2                                      wd=0;
 102   2                                      wds=0;
 103   2                                      st=1;
 104   2                              }
 105   1                      else
 106   1                      {
 107   2                              wd=0;
 108   2                      }
 109   1              }
 110          
 111          /*按键去抖延时*/
 112          void delay(unsigned int a)                              //延时约1ms
 113                  { 
 114   1                      unsigned char i;
 115   1                      while(--a!=0)
 116   1                      for(i=300;i>0;i--);             //如果是用12M晶振i=125（这个是估计值，不建议用12M晶振，信号调制不稳定）
 117   1              } 
C51 COMPILER V9.01   MAIN                                                                  09/12/2021 23:19:48 PAGE 3   

 118          /*按键扫描*/
 119          void keyscan()                           
 120                  { 
 121   1                      if(k1==0)                                 
 122   1                              {                                         
 123   2                                      keyflag=1;                      //1键按下，启动功能“发射”
 124   2                                      irkey=0x01;       
 125   2                              }                     
 126   1      
 127   1                      if(k2==0)                                 
 128   1                              {                                         
 129   2                                      keyflag=1;                      // 2键按下，启动功能“上膛”
 130   2                                      irkey=0x02;       
 131   2                              }                                         
 132   1              } 
 133          /*红外发射初始化*/
 134          void Ir_Init(void)
 135          {
 136   1              IT0=1;                              //下降沿触发
 137   1              EX0=1;                              //打开中断0允许
 138   1              EA= 1;                              //打开总中断
 139   1              IROUT=0;                                //初始化发射管
 140   1      }
 141          
 142          /*延时7us @ 24MHz，用来生成38k近红外调制波。*/
 143          void Delay7us()                         //@24.000MHz
 144          {
 145   1              unsigned char a,b,c,d;
 146   1              for(d=1;d>0;d--)
 147   1                      for(c=1;c>0;c--)
 148   1                  for(b=1;b>0;b--)
 149   1                      for(a=1;a>0;a--);
 150   1      }
 151          /*延时19us @ 24MHz，用来生成38k近红外调制波*/
 152          void Delay19us()                       //@24.000MHz
 153          {
 154   1              unsigned char a,b;
 155   1                      for(b=7;b>0;b--)
 156   1                              for(a=1;a>0;a--);
 157   1      }
 158          /*延时100us @ 24MHz STC-Y5*/
 159          void Delay100us()                     //@24.000MHz
 160          {
 161   1              unsigned char a,b;
 162   1              for(b=1;b>0;b--)
 163   1                      for(a=97;a>0;a--);
 164   1      }
 165          
 166          /*红外发射程序*/
 167          void Ir_Out(unsigned char u, unsigned char x)
 168          {
 169   1              int tt;
 170   1              EA=0;                            //关闭所有中断
 171   1          
 172   1      /*发送引导码*/
 173   1              tt=275;                          //输出9ms 1（有信号输出表示 1）
 174   1              do 
 175   1                      {
 176   2                              IROUT=1;
 177   2                              Delay19us();
 178   2                              IROUT=0;
 179   2                              Delay7us();
C51 COMPILER V9.01   MAIN                                                                  09/12/2021 23:19:48 PAGE 4   

 180   2                      } 
 181   1              while(--tt);
 182   1              tt=43;                           //输出4.5ms 0(无信号输出表示0)
 183   1          do
 184   1              {
 185   2                      IROUT=0;
 186   2                      Delay100us();
 187   2              }
 188   1              while(--tt);
 189   1              /*发送用户码和用户补码*/
 190   1              Ir_Out_Frame(u);
 191   1              Ir_Out_Frame(~u);
 192   1              /*发送键值和键值补码*/
 193   1              Ir_Out_Frame(x);
 194   1              Ir_Out_Frame(~x);
 195   1              /*发送结束码*/
 196   1              tt=45;                          //输出0.65ms  1
 197   1              do
 198   1              {
 199   2                      IROUT=1;
 200   2                      Delay19us();
 201   2                      IROUT=0;
 202   2                      Delay7us();
 203   2              } 
 204   1              while(--tt);
 205   1              tt=45;                           //输出4.5ms 0(无信号输出表示0)
 206   1          do
 207   1              {
 208   2                      IROUT=0;
 209   2                      Delay100us();
 210   2              }
 211   1              while(--tt);
 212   1              EA=1;                          //打开中断
 213   1      
 214   1      }
 215          /*红外单帧发射程序*/
 216          void Ir_Out_Frame(unsigned char y)
 217          {
 218   1              char num;
 219   1              int    tt;
 220   1              for(num=0; num<8; num++)      //循环8次移位
 221   1                      {
 222   2                      tt=18;                //输出0.56ms  1                                    
 223   2                      do
 224   2                              {
 225   3                                      IROUT=1;
 226   3                                      Delay19us();
 227   3                                      IROUT=0;
 228   3                                      Delay7us();
 229   3                              }
 230   2                              while(--tt);
 231   2                      if(y&0x01)            //if为1
 232   2                              {
 233   3                              tt=16;            //输出1.65ms 1
 234   3                              do
 235   3                                      {
 236   4                                              IROUT=0;
 237   4                                              Delay100us();
 238   4                                      }
 239   3                                      while(--tt);
 240   3                      }
 241   2                      else                 //否则
C51 COMPILER V9.01   MAIN                                                                  09/12/2021 23:19:48 PAGE 5   

 242   2                      {
 243   3                              tt=5;            //输出0.56ms 0
 244   3                              do 
 245   3                                      {
 246   4                                              IROUT=0;
 247   4                                              Delay100us();
 248   4                                      }
 249   3                                      while(--tt);
 250   3                      }
 251   2                      y >>= 1;             //右移一位
 252   2                      }
 253   1      }


MODULE INFORMATION:   STATIC OVERLAYABLE
   CODE SIZE        =    452    ----
   CONSTANT SIZE    =   ----    ----
   XDATA SIZE       =   ----    ----
   PDATA SIZE       =   ----    ----
   DATA SIZE        =      4       2
   IDATA SIZE       =   ----    ----
   BIT SIZE         =      3    ----
END OF MODULE INFORMATION.


C51 COMPILATION COMPLETE.  0 WARNING(S),  0 ERROR(S)
